\BOOKMARK [1][-]{section*.1}{\376\377\000I\000n\000t\000r\000o\000d\000u\000c\000t\000i\000o\000n}{}% 1
\BOOKMARK [2][-]{section*.2}{\376\377\000S\000u\000r\000p\000r\000i\000s\000a\000l\000\040\000T\000h\000e\000o\000r\000y}{section*.1}% 2
\BOOKMARK [2][-]{section*.3}{\376\377\000D\000o\000m\000a\000i\000n\000\040\000E\000x\000p\000e\000r\000t\000i\000s\000e}{section*.1}% 3
\BOOKMARK [2][-]{section*.4}{\376\377\000F\000i\000n\000e\000-\000T\000u\000n\000i\000n\000g}{section*.1}% 4
\BOOKMARK [2][-]{section*.5}{\376\377\000Z\000e\000r\000o\000-\000S\000h\000o\000t\000\040\000L\000e\000a\000r\000n\000i\000n\000g}{section*.1}% 5
\BOOKMARK [2][-]{section*.6}{\376\377\000T\000h\000e\000\040\000P\000r\000e\000s\000e\000n\000t\000\040\000S\000t\000u\000d\000y}{section*.1}% 6
\BOOKMARK [1][-]{section*.7}{\376\377\000M\000e\000t\000h\000o\000d\000s}{}% 7
\BOOKMARK [2][-]{section*.8}{\376\377\000P\000o\000T\000e\000C\000\040\000D\000a\000t\000a\000s\000e\000t}{section*.7}% 8
\BOOKMARK [2][-]{section*.10}{\376\377\000F\000i\000n\000e\000-\000T\000u\000n\000i\000n\000g\000\040\000C\000o\000r\000p\000o\000r\000a}{section*.7}% 9
\BOOKMARK [2][-]{section*.11}{\376\377\000L\000a\000n\000g\000u\000a\000g\000e\000\040\000M\000o\000d\000e\000l\000s}{section*.7}% 10
\BOOKMARK [2][-]{section*.12}{\376\377\000L\000o\000R\000A\000\040\000F\000i\000n\000e\000-\000T\000u\000n\000i\000n\000g}{section*.7}% 11
\BOOKMARK [2][-]{section*.13}{\376\377\000P\000r\000o\000m\000p\000t\000-\000B\000a\000s\000e\000d\000\040\000D\000o\000m\000a\000i\000n\000\040\000P\000r\000i\000o\000r\000s}{section*.7}% 12
\BOOKMARK [2][-]{section*.14}{\376\377\000S\000u\000r\000p\000r\000i\000s\000a\000l\000\040\000E\000s\000t\000i\000m\000a\000t\000i\000o\000n}{section*.7}% 13
\BOOKMARK [2][-]{section*.15}{\376\377\000M\000i\000x\000e\000d\000-\000E\000f\000f\000e\000c\000t\000s\000\040\000A\000n\000a\000l\000y\000s\000i\000s}{section*.7}% 14
\BOOKMARK [1][-]{section*.16}{\376\377\000R\000e\000s\000u\000l\000t\000s}{}% 15
\BOOKMARK [2][-]{section*.17}{\376\377\000G\000e\000r\000P\000T\000-\0002}{section*.16}% 16
\BOOKMARK [2][-]{section*.18}{\376\377\000L\000L\000a\000M\000m\000l\000e\000i\000n\000-\0001\000B}{section*.16}% 17
\BOOKMARK [1][-]{section*.19}{\376\377\000D\000i\000s\000c\000u\000s\000s\000i\000o\000n\000\040\000a\000n\000d\000\040\000C\000o\000n\000c\000l\000u\000s\000i\000o\000n}{}% 18
\BOOKMARK [2][-]{section*.20}{\376\377\000K\000e\000y\000\040\000R\000e\000s\000u\000l\000t\000s}{section*.19}% 19
\BOOKMARK [2][-]{section*.21}{\376\377\000T\000h\000e\000o\000r\000e\000t\000i\000c\000a\000l\000\040\000I\000m\000p\000l\000i\000c\000a\000t\000i\000o\000n\000s}{section*.19}% 20
\BOOKMARK [2][-]{section*.22}{\376\377\000L\000i\000m\000i\000t\000a\000t\000i\000o\000n\000s\000\040\000a\000n\000d\000\040\000F\000u\000t\000u\000r\000e\000\040\000W\000o\000r\000k}{section*.19}% 21
\BOOKMARK [1][-]{section*.23}{\376\377\000A\000c\000k\000n\000o\000w\000l\000e\000d\000g\000m\000e\000n\000t\000s}{}% 22
\BOOKMARK [1][-]{section*.24}{\376\377\000A\000p\000p\000e\000n\000d\000i\000x\000\040\000A\000:\000\040\000T\000r\000a\000i\000n\000i\000n\000g\000\040\000D\000e\000t\000a\000i\000l\000s}{}% 23
